2026-05-06 10:54:36 START add 北関東防衛局
2026-05-06 10:55:35 START add 北関東防衛局
2026-05-06 11:12:32 generated 北関東 JSON data
2026-05-06 11:23:35 STABLE 防衛省 北関東追加完了 / 南関東・北関東切替OK / 案件詳細・AI分析・開示請求OK / FOIAサイズ国交省寄せ
2026-05-06 12:40:56 START add 近畿中部防衛局 / source table confirmed: kouji=1 gyoumu=7
2026-05-06 13:17:58 generated 近畿中部 JSON data
2026-05-06 13:25:37 STABLE 防衛省 近畿中部追加完了 / 南関東・北関東・近畿中部切替OK / TOP30・会社ランキング・案件詳細・AI分析・開示請求OK
2026-05-06 13:26:53 START add 九州防衛局
2026-05-06 13:41:59 STABLE 防衛省 九州追加完了 / 南関東・北関東・近畿中部・九州切替OK / TOP30・会社ランキング・案件詳細・AI分析・開示請求OK
2026-05-06 14:31:38 START add 熊本防衛支局
2026-05-06 14:54:45 STABLE 熊本防衛支局追加完了 / 南関東・北関東・近畿中部・九州・熊本切替OK / AI分析を案件タイプ別に強化（施設最適化・JV・火薬庫・馬毛島・監理・土質調査・追加工事対応）
2026-05-06 15:08:55 START add 沖縄防衛局
2026-05-06 15:37:55 START add 中国四国防衛局
2026-05-06 15:53:18 STABLE 防衛省 中国四国追加完了 / 南関東・北関東・近畿中部・九州・熊本・沖縄・中国四国切替OK / TOP30・会社ランキング・案件詳細・AI分析・開示請求OK
2026-05-06 16:45:54 START add 東北防衛局
2026-05-06 18:50:36 STABLE 東北防衛局追加完了 / 南関東・北関東・近畿中部・九州・熊本・沖縄・中国四国・東北切替OK / 施設最適化・JV・技術協力業務・随契分析強化
2026-05-06 18:52:02 START add 北海道防衛局
2026-05-06 19:15:04 STABLE 北海道防衛局追加完了 / 全国地方防衛局切替OK / 南関東・北関東・近畿中部・九州・熊本・沖縄・中国四国・東北・北海道 / TOP30・会社ランキング・案件詳細・AI分析・開示請求OK
2026-05-06 20:00:11 START 共通Score説明文追加 / 国交省・防衛省の重点確認表記を安全化
2026-05-06 20:14:40 STABLE 防衛省下部UIを国交省形式に統一完了 / 主要落札企業一覧を法人名・担当防衛局・業務内容・契約額・OB再就職情報に統一 / Score説明文は国交省・防衛省共通表示
2026-05-06 20:55:08 RESTORE 防衛省TOP30右パネル化を取り消し / showModCaseDetailをインライン展開版へ復旧
